// Vitest Snapshot v1, https://vitest.dev/guide/snapshot.html

exports[`Avatar Conversion > converts favicon-dev properly 1`] = `"data:image/jpeg;base64,/9j/4AAQSkZJRgABAgAAAQABAAD/wAARCAHgAeADAREAAhEBAxEB/9sAQwANCQoLCggNCwoLDg4NDxMgFRMSEhMnHB4XIC4pMTAuKS0sMzpKPjM2RjcsLUBXQUZMTlJTUjI+WmFaUGBKUVJP/9sAQwEODg4TERMmFRUmTzUtNU9PT09PT09PT09PT09PT09PT09PT09PT09PT09PT09PT09PT09PT09PT09PT09PT09P/8QAHwAAAQUBAQEBAQEAAAAAAAAAAAECAwQFBgcICQoL/8QAtRAAAgEDAwIEAwUFBAQAAAF9AQIDAAQRBRIhMUEGE1FhByJxFDKBkaEII0KxwRVS0fAkM2JyggkKFhcYGRolJicoKSo0NTY3ODk6Q0RFRkdISUpTVFVWV1hZWmNkZWZnaGlqc3R1dnd4eXqDhIWGh4iJipKTlJWWl5iZmqKjpKWmp6ipqrKztLW2t7i5usLDxMXGx8jJytLT1NXW19jZ2uHi4+Tl5ufo6erx8vP09fb3+Pn6/8QAHwEAAwEBAQEBAQEBAQAAAAAAAAECAwQFBgcICQoL/8QAtREAAgECBAQDBAcFBAQAAQJ3AAECAxEEBSExBhJBUQdhcRMiMoEIFEKRobHBCSMzUvAVYnLRChYkNOEl8RcYGRomJygpKjU2Nzg5OkNERUZHSElKU1RVVldYWVpjZGVmZ2hpanN0dXZ3eHl6goOEhYaHiImKkpOUlZaXmJmaoqOkpaanqKmqsrO0tba3uLm6wsPExcbHyMnK0tPU1dbX2Nna4uPk5ebn6Onq8vP09fb3+Pn6/9oADAMBAAIRAxEAPwD06gAoAKACgAoAKACgAoAKACgAoAKACgAoAKACgAoAKACgAoAKACgAoAKACgAoAKACgAoAKACgAoAKACgAoAKACgAoAKACgAoAKACgAoAKACgAoAKACgAoAKACgAoAKACgAoAKACgAoAKACgAoAKACgAoAKACgAoAKACgAoAKACgAoAKACgAoAKACgAoAKACgAoAKACgAoAKACgAoAKACgAoAKACgAoAKACgAoAKACgAoAKACgAoAKACgAoAKACgAoAKACgAoAKACgAoAKACgAoAKACgAoAKACgAoAKACgAoAKACgAoAKACgAoAKACgAoAKACgAoAKACgAoAKACgAoAKACgAoAKACgAoAKACgAoAKACgAoAKACgAoAKACgAoAKACgAoAKACgAoAKACgAoAKACgAoAKACgAoAKACgAoAKACgAoAKACgAoAKACgAoAKACgAoAKACgAoAKACgAoAKACgAoAKACgAoAKACgAoAKACgAoAKACgAoAKACgAoAKACgAoAKACgAoAKACgAoAKACgAoAKACgAoAKACgAoAKACgAoAKACgAoAKACgAoAKACgAoAKACgAoAKACgAoAKACgAoAKACgAoAKACgAoAKACgAoAKACgAoAKACgAoAKACgAoAKACgAoAKACgAoAKACgAoAKACgAoAKACgAoAKACgAoAKACgAoAKACgAoAKACgAoAKACgAoAKACgAoAKACgAoAKACgAoAKACgAoAKACgAoAKACgAoAKACgAoAKACgAoAKACgAoAKACgAoAKACgAoAKACgAoAKACgAoAKACgAoAKACgAoAKACgAoAKACgAoAKACgAoAKACgAoAKACgAoAKACgAoAKACgAoAKACgAoAKACgAoAKACgAoAKACgAoAKACgAoAKACgAoAKACgAoAKACgAoAKACgAoAKACgAoAKACgAoAKACgAoAKACgAoAKACgAoAKACgAoAKACgAoAKACgAoAKACgAoAKACgAoAKACgAoAKACgAoAKACgAoAKACgAoAKACgAoAKACgAoAKACgAoAKACgAoAKACgAoAKACgAoAKACgAoAKACgAoAKACgAoAKACgAoAKACgAoAKACgAoAKACgAoAKACgAoAKACgAoAKACgAoAKACgAoAKACgAoAKACgAoAKACgAoAKACgAoAKACgAoAKACgAoAKACgAoAKACgAoAKACgAoAKACgAoAKACgAoAKACgAoAKACgAoAKACgAoAKACgAoAKACgAoAKACgAoAKACgAoAKACgAoAKACgAoAKACgAoAKACgAoAKACgAoAKACgAoAKACgAoAKACgAoAKACgAoAKACgAoAKACgAoAKACgAoAKACgAoAKACgAoAKAIrmdLaEyyZ2j0qJzUI8zKjFydkVrbVrW5l8uNjn34rKniYTdkaToSirsvV0GIUAFABQAUAFABQAUAFABQAUAFABQAUAFABQAUAFABQAUAFABQAUAFABQAUAFABQAUAFABQAUAFABQAUAFABQAUAFABQAUAFABQAUAFABQAUAFABQAUAFABQAUAFABQAUAFABQBgeIbxhiCNlKMPmrzcbVfwo7MNT+0zAVijBlJBFecm07o7Wrm3Ya5J5wS5wU6DArvo4x3tM5KmGVrxOiRldQykEHuK9NNNXRxNWFpiCgAoAKACgAoAKACgAoAKACgAoAKACgAoAKACgAoAKACgAoAKACgAoAKACgAoAKACgAoAKACgAoAKACgAoAKACgAoAKACgAoAKACgAoAKACgAoAKACgAoAKACgAoAKAKmp3P2a0dlcLJj5awr1OSDd9TSlDmkcbJI0jl3OWPWvDlJyd2eokkrIbSGFAF601S5ttiBz5anpXRTxM4WV9DGdGMtep1Nndx3cIeMjPcelexSqqoro8+cHB2ZYrQgKACgAoAKACgAoAKACgAoAKACgAoAKACgAoAKACgAoAKACgAoAKACgAoAKACgAoAKACgAoAKACgAoAKACgAoAKACgAoAKACgAoAKACgAoAKACgAoAKACgAoAKAEd1RCzHAHU0m0ldjSvocdqt01zdviTdGD8teHiKjnN66Hp0YcsSlWBqFABQAUAdH4bhkjSR3UhX6H1r1MDBpNs4cVJNpI3K9A5AoAKACgAoAKACgAoAKACgAoAKACgAoAKACgAoAKACgAoAKACgAoAKACgAoAKACgAoAKACgAoAKACgAoAKACgAoAKACgAoAKACgAoAKACgAoAKACgAoAKACgAoAwfEN4MCCKQhwfmArzsbV+ymdmGp/aZz1eYdoUAFABQBZsbOS8m2IOB94+grWjSdSVkZ1Kigrs7G1gFvbpEDkKMZr3KcOSKieZOXM7ktWSFABQAUAFABQAUAFABQAUAFABQAUAFABQAUAFABQAUAFABQAUAFABQAUAFABQAUAFABQAUAFABQAUAFABQAUAFABQAUAFABQAUAFABQAUAFABQAUAFABQAUAVr67SzgMj9+B9ayrVVTjdl04Obsjj7u4a6uGmcAFvSvDqVHUlzM9SEFFWRDUFBQAUAKil3CjqTgU0ruwN2Vzq9H077HHvc/vGHI7V7GGw/s1d7nm16vO7LY066zAKACgAoAKACgAoAKACgAoAKACgAoAKACgAoAKACgAoAKACgAoAKACgAoAKACgAoAKACgAoAKACgAoAKACgAoAKACgAoAKACgAoAKACgAoAKACgAoAKACgAoARjtUk9hmk3YDlNX1I3bmNOI1PQ+tePicR7R2Wx6NGjyK73MyuQ6AoAKACgDT0O0W5usyq21RkH3rrwlJTnqc+IqcsdDrOgr2TzgoAKACgAoAKACgAoAKACgAoAKACgAoAKACgAoAKACgAoAKACgAoAKACgAoAKACgAoAKACgAoAKACgAoAKACgAoAKACgAoAKACgAoAKACgAoAKACgAoAKACgAoAzdauzb2hEcgWQ9vauXFVeSGj1N6EOaWpyROSSeprxT0goAKACgCSCJpZVRFLc9BVQi5OyFJpK52lpbx20CpGu0YzXvU4KEbI8qcnJ3ZPWhAUAFABQAUAFABQAUAFABQAUAFABQAUAFABQAUAFABQAUAFABQAUAFABQAUAFABQAUAFABQAUAFABQAUAFABQAUAFABQAjuqIWY4A6mk2krsaV9BI5FlQOhyp6GiMlJXQNNOzHUxBQAUAFABQAUAFABQAUAFADJpUhiLyNtUd6mclFXY4xbdkcVeTvcXDM7lueD7V4NWbnK7PVpxUVoQVmWFABQAUAdPoFn5UHmyx4kJ4J9K9bB0uWPM1qefiKl3ZM2K7jmCgAoAKACgAoAKACgAoAKACgAoAKACgAoAKACgAoAKACgAoAKACgAoAKACgAoAKACgAoAKACgAoAKACgAoAKACgAoAKACgDmtdv5TO1svyqvcHrXlYyvLm5Ed2HpK3MR6JfyxXCwH5lc457VOEryjLlKr0k1zHU16554UAFABQAUAFABQAUAFABQBzOv3glmEcMhKjhh715OMq8ztFnfhqdldoxq4TqCgAoAKANPRLRp7tZCgaJfvZrrwlJyne2hhiJ8sbdTrAAAABgCvZPNCgAoAKACgAoAKACgAoAKACgAoAKACgAoAKACgAoAKACgAoAKACgAoAKACgAoAKACgAoAKACgAoAKACgAoAKACgAoAKACgCpqN3FbWzF2wWGBisa9WMI6mlKDlLQ4x2LsWYkk9zXhN3d2eolYFYqcqSCO4pJ2HY6rQ717m3KykZTgepr2MJWc42Z52IpqL0NSuw5woAKACgAoAKACgAoAztau0t7RkJIdx8uK5cVVUIW7m9CDlK5yJJJyTk14p6QUAFABQA+CJp5liT7zcCqhFydkKUlFXZ1+mWIsoNuTublvrXt4eiqUbHmVanOy7W5kFABQAUAFABQAUAFABQAUAFABQAUAFABQAUAFABQAUAFABQAUAFABQAUAFABQAUAFABQAUAFABQAUAFABQAUAFABQAUAIx2qSewzSbsBx+rXS3V4zpkKOMGvExNRVJ3R6lGHJGzKNc5qFAE1rcSW0yyRHBFXTqOEromcFJWZ2ltKJoEcMCSOcV70Jc0UzypKzsS1ZIUAFABQAUAFADJpBDE0jdFGTUylyq44q7schqd+19Nn+Bfu14teu6r8j06VJQRSrnNQoAKACgDodE0sALdS890xXp4TDfbZxYit9lG9XonGFABQAUAFABQAUAFABQAUAFABQAUAFABQAUAFABQAUAFABQAUAFABQAUAFABQAUAFABQAUAFABQAUAFABQAUAFABQAUAFAGPrepNbDyIsh2Gd3tXDi8Q4e6jpw9JS95nME5JJ6mvJPQCgAoAKANbQbxorkRPIFiPr6124Oq4y5W9DmxFO6utzqQcjIr1zzwoAKACgAoAKAMDXNTdXa1iyuPvH1Febi8Q0+RHZh6KfvM5+vNO0KACgAoAvaVY/bbjBICryR610Yej7WRjWqciOuhiSGJY4xhV6CvajFRVkea227sfVCCgAoAKACgAoAKACgAoAKACgAoAKACgAoAKACgAoAKACgAoAKACgAoAKACgAoAKACgAoAKACgAoAKACgAoAKACgAoAKAK9/c/ZLV5tu7Hasq1T2cHIunDnlY466uZLmUySMT6Z7V4dSo5u7PUhBRVkQ1BQUAFABQAA4OR1FAHV6HeefbBJJN0o7e1exhKvNGzep52Ip8srpaGpXYc4UAFABQBS1W8Nla7wuS3H0rnxFX2cLmtGnzyschNK80hkkYsx714spOTuz04xUVZDKkYUAFACqCzBQMk0JXB6HW6NaC3tFZo9sp+9XtYWlyQu1qebXnzS30NGuowCgAoAKACgAoAKACgAoAKACgAoAKACgAoAKACgAoAKACgAoAKACgAoAKACgAoAKACgAoAMgdTQAUAFABQAUAFABQAUAFABQAUAczr94JZhHDISo4Ye9eTjKvM7RZ34anZXaMauE6goAKACgAoAKAJrWZoJ1dWKjPOPSrpzcZJkzjzKx2lvPHcQrJG2VNe9Camro8qUXF2ZLVkhQAjEKCTwBQ3YDk9auxcXZEchaMdvevFxVXnno9D0qEOWOu5m1ym4UAFABQBteH7NnmM0kYMeOCfWu/BUm3zNaHLiallZHS16pwBQAUAFABQAUAFABQAUAFABQAUAFABQAUAFABQAUAFABQAUAFABQAUAFABQAUAFABQAUANlkWKNpG6KMmlKSirsaV3Y5TU9Ukupv3bFUXpjjNeNXxLqPTY9GlRUVqaWj6sJQIJzhuimuvC4nm92Rz16FveRt13nKFABQAUAFABQAUAFAGdrV2lvaMhJDuPlxXLiqqhC3c3oQcpXORJJOScmvFPSCgAoAKACgAoAKACgDW0G8WCcpKxw3CjtXbg6qhKzObEU3JXR1IIIyDkV6554UAY2v3qLB5CORIeeK4MZWSjyp6nVh6bb5mczXlHeFABQAUAT2Vu9zcrHGAT15rSlTc5WRFSajG7O1iQRxqoAGB2r3oxsrHlN3Y+qEFABQAUAFABQAUAFABQAUAFABQAUAFABQAUAFABQAUAFABQAUAFABQAUAFABQAUAFABQBka/eNBAI4mXL8MK4sZVcY2R04enzO7OXryD0BVJVgQSPpTTsDOx0y9iurdQhwyjBB617dCtGcdDy6tNxepdroMgoAKACgAoAKAGTSCGJpG6KMmplLlVxxV3Y5DU79r6bP8C/drxa9d1X5Hp0qSgilXOahQAUAFABQAUAFABQAA4PFAHV6LfRzWyw5w6DByetexha0ZR5ep51em1K5evLhbW3aVwSB6V0VZqEeZmMIuTsjiZ5PNmZ8kgnIzXgzlzNs9aKsrDKkYUAFAAOTQB1GjaYLZRPJzIRxj0r18Lh+Rcz3PPr1ub3Ua9dpzBQAUAFABQAUAFABQAUAFABQAUAFABQAUAFABQAUAFABQAUAFABQAUAFABQAUAFABQAUAQ3UywW7OzBTjjPrUVJqMWyoR5nY4q4nkuJmkkbLGvBnNzd2erGKirIjqCgoAmtbmS1mEkRwRV06jg7omcFJWZ1un38d7ECDh+6969qjWVRHm1Kbgy5W5kFABQAUAFAGBrmpurtaxZXH3j6ivNxeIafIjsw9FP3mc/XmnaFABQAUAXtKsfttxgkBV5I9a6MPR9rIxrVORGlq2kRR25ltwECDJHrXVicLGMeaJhRrtu0jn6807SWO3mlXdHGzD1FXGnKWqRLnFbstWmlXFxIUZTHgdWFbU8NObs9DOdeMVcuf8I5L/z2X8q3+oS7mX1tdiez0OW2uklMqkKc4FaUsHKElK5E8QpRtYvanZ3F4vlxyhIz1B71viKU6isnoZUqkYatGV/wjkv/AD2X8q5PqEu50fW12KV1pdzbzbFQyD1ArnqYacHa1zWFaMlcqy280IBljZQfWspQlHdGiknsR1BRqaLpy3bmSQgoh5X1rswtBVHd7HPXq8isjqlUIoVegGBXrpWVjzm7i0wCgAoAKACgAoAKACgAoAKACgAoAKACgAoAKACgAoAKACgAoAKACgAoAKACgAoAKACgAJwCT0FAHKa5eefdFI5N0Q7e9eNi6vNKyeh6OHp8sbtamXXIdAUAFABQBPZzvb3CsjleeT7VpSm4SuiKkVJanawypNEHjbcp7170JKSujypRadmPqhBQAUAQXs6W9uzO+3I4PvWdWahG7LhFydkcVNK80peRizHvXgyk5O7PVjFJWQypGFABQAqgswUDJNCVweh1ujWgt7RWaPbKfvV7WFpckLtanm1580t9C/JGsqFHGVPUV0yipKzMU2ndGfBo1tGzmRFcMcgelc0MJBXubSrydrF6CCK3TbCgUegreEIwVomUpOWrJKskKACgAoAKACgCKe2huABMgYDpmonTjP4kVGbjsZ15ocM+3ycRY64HWuarg4y+HQ3hiJR31L1naR2kISMAHufWuilSVNWRjObm7ssVoQFABQAUAFABQAUAFABQAUAFABQAUAFABQAUAFABQAUAFABQAUAFABQAUAFABQAUAFABQBnatqKWcZQYMhHQ+lcuIxCpq3U3o0nN36HJMdzE+pzXjN3Z6SEpAFABQAUAFAGjpepPZyBWOYzxz2rqw+IdN2exhWoqa8zq4ZUmjEkZyp6V7EZKSujzpRcXZj6oQE4BJ6CgDktauxcXZEchaMdvevFxVXnno9D0qEOWOpm1ym4UAFABQBteH7MvKZpIwY8cE+td+CpXfM1ocuJqWVkdLXqnAFABQAUAFABQAUAJkeoouAtABQAUAFABQAUAFABQAUAFABQAUAFABQAUAFABQAUAFABQAUAFABQAUAFABQAUAFABQAUAFABQAUAFAEVzOltA0sn3RUVJqEeZlQi5OyOP1C8a9uPMYAAcD6V4leq6srs9OlT5FYq1iaBQAUAFABQAUAFAGpot9JDcrDnKOcHJ6V14WtKMuXoznr0043OrByOK9k84zNX1IWiGJOZGHf0rkxOI9mrLc6KNHnd3scox3MSe5zXjN3PRQlABQAUAT2ds93OIo+taUqbqS5UROagrs7CxtVs7cRISe/Ne3SpqnHlR5lSbm7ssVqQFABQBXubyG1i8yRhjOOKzqVYwV2XCnKTsjMu9fjEY+y8vn+IVx1Mare4dEMM7+8Uv+Ehuv7iVh9eqdjX6rEZPrlzNE0ZCru7ipnjJyVhxw0U7lS3vp7eYSByxHYnisYVpwle5pKnGSsXv+Ehuv7iV0fXqnYy+qxHJ4huN43qm3PNNY6d9RPCxsakWt2kjqgLZbjpXZHGU5OxzvDzSuaIZW+6wP0NdKaZhYWmAUAFABQAUAFABQAUAFABQAUAFABQAUAFABQAUAFABQAUAFABQAUAFABQAUAFABQAUAFAGB4hvGGII2Uow+avNxtV/Cjsw1P7TOfrzTtCgAoAKACgAoAKACgABIOQcGgDc0/XBDBsuQWI4XFehRxnLG0jkqYa7vEzL67e8nMj9uB9K5K1V1JXZ0U4KCsitWRYUAFAAOTQB1GjaYLZRPJzIRxj0r18Lh+Rcz3PPr1ub3Ua9dpzBQA15Ej++4XPqaTkluNJvYwNR1x1m2WpGBwc15tfGNStA7KWHTV5GJJK8jEuxOTnrXA5N7nWopDKkYUAFABQAUAFAADg8UAW7TUbi03eU2d3XPNbU686exnOlGe5v2WtQzskT5Dkck9K9Kli4ytF7nFUw8o6o1QcjIrsOcKACgAoAKACgAoAKACgAoAKACgAoAKACgAoAKACgAoAKACgAoAKACgAoAKACgAoAqanc/ZrR2VwsmPlrCvU5IN31NKUOaRxskjSOXc5Y9a8OUnJ3Z6iSSshtIYUAFACojOwVAST0AppNuyBu25r3+liKwS4QbCF+YHua7a2G5aamjlp1rz5WY9cJ1BQAUAFABQAUAFABQAUAXtItftN4odC0fc10YanzzV1oY1p8sdNzsFUIoVegGBXtpWVjzG7i0wIbq5jtoi8hAx0HrUVKigrsqEHJ2RyWoX8l7NuJIQfdHpXi1q7qM9KnSUEU6wNQoAKACgAoAKACgAoAKACgABwcigDodH1bdiC4bnsxr08Lir+7I4q9C3vRN4HIyK9E4woAKACgAoAKACgAoAKACgAoAKACgAoAKACgAoAKACgAoAKACgAoAKACgAoAR3VELMcAdTSbSV2NK+hx2q3TXN2+JN0YPy14eIqOc3roenRhyxKVYGoUAFABQBv+HrP7000XujGvSwVL7UkcWJqdEzdmiSaMxyKGU9q9CUVJWZyRk4u6OU1TTXs5CygmM9/SvHxGHdN3Wx6NGspq3Uzq5TcKACgAoAKACgAoAdHG0rhEGWPQU4xcnZCbSV2dnp1stvaoAm1iPm+te7QpqEFoeXVm5SLVbGZDdXMdrEZJGA9M96ipUUFdlQg5OyOS1C/kvZSSSE7L6V4tas6r8j0qVJQRTrA1CgAoAKACgAoAKACgAoAKACgAoAAcHI6igDodH1bOILluezGvTwuK+zI4q9D7UTer0TjCgAoAKACgAoAKACgAoAKACgAoAKACgAoAKACgAoAKACgAoAKACgAoAKAMfWtTSFGt0wznhh6Vw4rEKK5EdNCi5PmZzFeSegFABQAUAWbGzkvJtiDgfePoK1o0nUlZGdSooK7OxtYBb26RA5CjGa9ynDkionmTlzO5LVkjJokmjKSKCD61MoqSsxxk07o5PVdNezkLLkxE8GvGxGHdN36Ho0aqmrdTPrmNwoAKACgAoAKANzRNMdnW5kyoHK+9ehhMO2+dnJiKytyo6OvUOEKAOc8RXZaT7LtG0c5ry8bVu+Q7sNDTmMOvPOsKACgAoAKAHRxvI4RVJJ4FNRbdkJtJXL39jX3/ADy/Wuj6pV7GX1iHcP7Gvv8Anl+tH1Sr2D6xDuIdHvgCTFwKPqlXsHt4dyiylSQRjFc7Vja4lIAoAKACgABIII4IoA6zRLtZ7RYy5aVfvZr2cJVUoWvqebXhyyv0NOuswCgAoAKACgAoAKACgAoAKACgAoAKACgAoAKACgAoAKACgAoAKACgCtfXaWcBkfvwPrWVaqqcbsunBzdkcfd3DXVw0zgAt6V4dSo6kuZnqQgoqyIagoKACgBUUu4UdScCmld2BuyudXo+nfY497n94w5HavYw2H9mrvc82vV53ZbGnXWYBQAUAVdRs1vbfy2JBHIx61jXpKrGxpSqcjuchdW0lrMY5BgivEqU3B2Z6cJqSuiGoKCgAoAKALenWT3s+1fuj730rahRdWVkZ1aigjsLeFbeBYkJIUYGa9uEFCPKjzJS5ndklWSUtWuXtbJpIwM5xzXPiajpwujWjBTlZnHyO0jlnJJPrXiSk27s9NJLRDaQwoAKAAAscAEn2otcDX0jSmuGEswIjHT6124bDOb5pbHNWrcuiOkW3hUgiNQR3xXqKEV0OHmfckqyQoAKAKd3p1vdR7GULznKisKmHhUVmawqyg7nOappj2cmUBMR6GvLxGHdN6bHbRrKa13M+uY3CgAoAKAL+kXb212AuMSHBzXRhqrhPTqY14KUTsAQRkHIr3DzAoAKACgAoAKACgAoAKACgAoAKACgAoAKACgAoAKACgAoAKACgAoA5jxBeNJP5CspjHPHrXk4yq3Ll6HfhqaS5upj1wnUFABQAUAaeh2i3N1mVW2qMg+9deEpKc9TnxFTljodZ0FeyecFABQAUAFAFPULCO9hII+cdD71hXoqojWnUcGclc20ltKY5B07+teLUpuDsz0oTUldENQUFAABk4FAHVaFaLDaibaRI/XNexg6SjHm6nnYibcrGrXYc4UAc94juZBILcY2EZrzMdUd+ToduFgrcxg15x2BQAUAFAG5oFjIZvtDqNg4wRXoYOi7872OTE1FblR0QAUYAAHtXqWscItABQAUAFABQAyaJJoyjjIIqZRUlZjjJp3RyWraebKbg/I33a8bEUPZPyPSo1edFCuY2CgAoAAcHigDstIcPp8Q3AsBzzXu4aV6aPLrK02Xa3MgoAKACgAoAKACgAoAKACgAoAKACgAoAKACgAoAKACgAoAKAM3Wrs29oRHIFkPb2rlxVXkho9TehDmlrscmSWJJ6mvFbuekJQAUAFAEkETSyqiKW56CqhFydkKTSVztLS3jtoFSNdoxmvepwUI2R5U5OTuyetCAoAKACgAoAKAMnXbF7qISR9U7etceLouauuh04eoouzOXZSrFWGCOoryGraM9BO4lIDV0KzE9zvljJQDIPvXZhKXPK8loc+IqcqsjqgMDAr2DzgoAQ9DQwOK1C4knunMrZKkgV4Facpzdz1acVGOhWrI0CgAoAnsrc3VysKkAnua0pU/aSUSKk+SNztYU8uJU9BiveirJI8pu7uPqhBQAUAFABQAUAFAFDWLVLi0ZthaRR8uK5sTSU4XtqbUZuMjkGUqxVhgjqK8Vq2jPTTuJSAKACgDoPDH/LavSwHU4sX0N+vSOMKACgAoAKACgAoAKACgAoAKACgAoAKACgAoAKACgAoAKAGTSpDEXkbao71M5KKuxxi27I4q8ne4uGZ3Lc8H2rwas3OV2erTiorQgrMsKACgAoA6fQLPyoPNljxITwT6V62DpcseZrU8/EVLuyZsV3HMFABQAUAFABQAUAFAGJrGkiUGa3X5x1Ud64MTheb3onVQr20kYENvJNP5SKS2eRXmxpylLlR2ymkrs6/TbQ2doIi2T1r26FL2cOU8yrPnlct1sZhQAjfdP0pMDhbn/j5k/wB418/U+Jnrw+FEdQUFABQB0HhqGNleVlBdTwfSvSwME02cWKk1ob9ekcYUAFABQAUAFABQAUAFAHEX/wDx/Tf71fP1v4jPWp/AivWZYUAFAGroF35Fz5O3PmnGfSuzB1eWXL3ObEQ5o37HVV7B54UAFABQAUAFABQAUAFABQAUAFABQAUAFABQAUAFABQAUAc/rmpoyNaxYbP3j6GvNxeITXIjtw9Fr3mYFeadgUAFABQBe0zT3vZe4jB5b0rooUHVfkY1aqgjr408uNUHO0Yr24qysea3d3HUxBQAUAFABQAUAFABQAUAVFsIkvRcp8pxjArFUIqfOjT2rceVlutjMKACgBG+6fpSYHC3P/HzJ/vGvn6nxM9eHwojqCgoAKAOj8Mf6iX/AHq9TAfCzhxe6NyvQOQKACgAoAKACgAoAKACgDlNekt3ugIAMj72PWvGxkoOfuno4dSUdTLrkOgKACgC5pP/ACEof96t8P8AxUZVvgZ2de6eWFABQAUAFABQAUAFABQAUAFABQAUAFABQAUAFABQAUAUdTv1sYf9th8tc+IrqkvM1pUnNnIzSGWVpG6scmvFlLmd2enFWVhlSMKACgB8ETTzLEn3m4FVCLk7IUpKKuzr9MsRZQbcnc3LfWvbw9FUo2PMq1Odl2tzIKACgAoAKACgAoAKACgAoAKACgAoAKAEb7p+lJgcLc/8fMn+8a+fqfEz14fCiOoKCgAoA6PwyQIZQSM7ulepgH7rOHF7o3K9A5AoAKACgAoAKACgAoAKAOIv/wDj+m/3q+frfxGetT+BFesywoAKANLRLaSa8WVMbYzk11YSm5TuuhhiJpRszra9o80KACgAoAKACgAoAKACgAoAKACgAoAKACgAoAKACgAoA5vX4rt5l3Dcn8O0dK8vGRqN67HdhpQSMQgg4Iwa886woAKACgDb8PWaySGaRWBTlTXfgqSb5mcmJqWVkdJXqnCFABQAUAFABQAUAFABQAUAFABQAUAFABQAjfdP0oYHD3astzJuUjLHrXz1RNSdz14O8UQ1BQUAFAFvTbkWt4kj52jqBW1Cp7OabM6sOaNkdlG4dFcdGGa91O6ueW1Z2HUxBQAUAFABQAUAFAFXUbj7NaO6sA4HGaxr1OSDa3NKceaVjjJZGlkaRurHJrwpScndnqJWVhtIYUAFAG/4X/5bfhXpZf1OPF9DoK9I4goAKACgAoAKACgAoAKACgAoAKACgAoAKACgAoAKACgAwD1FAGDrGk5zPbrz3Ud687FYX7UTsoV/syMGSKSJtsiFT6GvOlFx0Z2KSewypGWLGA3F0i7Cy5+bHpWtGHPJIipLlidpDEkMYjjGFHSvdjFRVkeVKTk7sfVCCgAoAKACgAoAKACgAoAKACgAoAKACgAoAKAOa8SRP9qWQKdm3rXlY6L57nfhWuWxi1wHUFABQAUAdDo2rbsQXB57Ma9PC4q/uyOKvQt70TeByMivROMKACgAoAKACgBGYKpZjgDqaTdtWCVzkNXu3uLtl37o1Py4rxcTVc5tX0PTowUYlCuY2CgAoAKAOu0W3jiskkRcM4+Y17WFhGME11PNryblZmjXUYBQAUAFABQAUAFABQAUAFABQAUAFABQAUAFABQAUAFABQAUAUdR06O+TnCv/ernr4dVV5mtKq4M5y/0yWzlCjLKeA3vXl1sPKm7HdTrKaOg0a0FvaKzR7ZT96vSwtLkhdrU468+aW+ho11GAUAFABQAUAFABQAUAFABQAUAFABQAUAFABQAUAVNTtftdo0e7bjnNY16ftIWNKU+SVzjGG1ivocV4TVmeqhKQBQAUAAODkdRQB0GkawAvlXTYx/Ga9LDYrTlmcVah1ibkUqTRh42DKe4r0IyUldHI007MfVCCgAoAhurmO1iMkjAeme9RUqKCuyoQcnZHN3+tSXUflxqYx3x3ryq2Lc1ZaHdTw6i7syq4zpCgAoAKALWnWzXF0gCblB+b6VtQpuc1oZ1ZqMTs441iQIgwo6CvdjFRVkeW227sdTEFABQAUAFABQAUAFABQAUAFABQAUAFABQAUAFABQAUAFABQAUANeNJAA6hsHIzScU9xptbDqYgoAKACgAoAKACgAoAKACgAoAKACgAoAKACgAoAKAAjIwaAOW16zaK5MqRhYj6eteRjKTjLmS0PQw9S6s9zJriOkKACgAoAKALFvez27Lsdtqn7ueK1hWlDZkSpxkaf8Awkcv/PFfzrr+vy7HP9UXcP8AhI5f+eK/nR9fl2D6ou5Dda5PcQ7FURnPUGs6mMlNW2LhhoxdzPkuJpV2ySMw9DXNKpKWjZsoRWyIqgoKACgAoAKANbw/cRQXLCRsFxgV24KpGMnc5sTFyjodTXrnnhQAUAFABQAUAFABQAUAFABQAUAFABQAUAFABQAUAFABQAUAFABQAUAFABQAUAFABQAUAFABQAUAFABQAUAFABQAUAFABQAUAFAEVzEJoHQqCSOM1E480WiouzucXdW8ltM0cowRXg1KbhKzPVhNSV0Q1BQUAFABQAUAFABQAUAFABQAUAFABQAUAAJByDg0AdDo2rZ229weeimvTwuK+zI4q9D7UTeByOK9E4woAKACgAoAKACgAoAKACgAoAKACgAoAKACgAoAKACgAoAKACgAoAKACgAoAKACgAoAKACgAoAKACgAoAKACgAoAKACgAoAKACgCnqFhHewkEfOOh96wr0VURrTqODOSubaS2lMcg6d/WvFqU3B2Z6UJqSuiGoKCgAoAKACgAoAKACgAoAKACgAoAKACgABIOQcGgDodG1bdi3uDz0U16eFxV/dkcVehb3om8DkZFeicYUAFABQAUAFABQAUAFABQAUAFABQAUAFABQAUAFABQAUAFABQAUAFABQAUAFABQAUAFABQAUAFABQAUAFABQAUAFABQAUAFABQBXurK3u8eem7HSsqlGFT4kXCpKGxg32hyRK8sTBlB4Uda86rg3G8kdlPEp6MxiCCQeCK4TqCgAoAKACgAoAKACgCSKCWbPlIWx1xVRhKWyE5JbiSwyQkCVCpPrRKEo7oFJPYZUjCgAoAKAAHByKAOh0fVt2ILhuezGvTwuKv7sjir0Le9E3gcjIr0TjCgAoAKACgAoAKACgAoAKACgAoAKACgAoAKACgAoAKACgAoAKACgAoAKACgAoAKACgAoAKACgAoAKACgAoAKACgAoAKACgAoAKACgCm+mWb7iYVye9YPD030NVWmuplyeHSAzLNnuBiuSWA6pnQsV5GZ/Zd7/zwauT6tU7G/todw/su9/54NR9Xq9g9tDuH9l3v/PBqPq9XsHtodw/su9/54NR9Xq9g9tDuT2mi3E0hWZTEMdTWlLCTk7S0IniIxWmpq2ehQwMxmIlBHAI6V2UsFGL97U554ly20NGC1gts+TGFz1xXVCnGHwowlOUtyHUbCO9iIIAfs3pWdegqq8y6dVwZyV1bSW0pjkUj0z3rxalNwdmelCakrohqCgoAKACgABwcjqKAOh0fVs4guW57Ma9PC4r7Mjir0PtRN6vROMKACgAoAKACgAoAKACgAoAKACgAoAKACgAoAKACgAoAKACgAoAKACgAoAKACgAoAKACgAoAKACgAoAKACgAoAKACgAoAKACgAoAKACgAoAKACgAoAKACgAoAKAKeoWEd7EQRh+zd6wrUFURrTqODOSuraS1mMcq4IrxalNwdmelCakrohqCgoAKACgABIII4IoA6HRtWyBBcHnsx716eFxX2ZHFXofaib1eicYUAFABQAUAFABQAUAFABQAUAFABQAUAFABQAUAFABQAUAFABQAUAFABQAUAFABQAUAFABQAUAFABQAUAFABQAUAFABQAUAFABQAUAFABQAUAFABQAUAFABQAUAU9QsI7yEgjDDoRWFaiqiNadRwZyV1bSWsxjkGCK8WpTcHZnpQmpK6IagoKACgAoAASDkHBoA6jQLyS4iaOTny+h9a9fB1ZTVn0PPxNNRd0a9dpzBQAUAFABQAUAFABQAUAFABQAUAFABQAUAFABQAUAFABQAUAFABQAUAFABQAUAFABQAUAFABQAUAFABQAUAFABQAUAFABQAUAFABQAUAFABQAUAFABQAUAFABQBT1CwjvYSCPnHQ+9YV6KqI1p1HBnJXNtJbSmOQdO/rXi1Kbg7M9KE1JXRDUFBQAUASQQPcSiOMEk/pVwg5uyJlJRV2dbplgtjD/tsPmr2cPQVJeZ5tWq5svV0GQUAFABQAUAFABQAUAFABQAUAFABQAUAFABQAUAFABQAUAFABQAUAFABQAUAFABQAUAFABQAUAFABQAUAFABQAUAFABQAUAFABQAUAFABQAUAFABQAUAFABQAUAFAFPUbCO9iwQA4+6fSsK9BVV5mtKo4M5K5tpLaUpICMdD614tSm4OzPShNSV0Q1BRJBA9xKEjUkn9KuEHN2RMpKKuzrdM05LKLkAyHqa9mhQVJeZ51Wq5vyL1dBiFABQAUAFABQAUAFABQAUAFABQAUAFABQAUAFABQAUAFABQAUAFABQAUAFABQAUAFABQAUAFABQAUAFABQAUAFABQAUAFABQAUAFABQAUAFABQAUAFABQAUAFABQAUAFAFPUbCO9iIIAfs3pWFegqq8zWnVcGc0dKuxJtELEZxmvKeGqXtY7vbwtudHpmnR2UQPBkPVq9ShQVJeZxVarmy9XQYhQAUAFABQAUAFABQAUAFABQAUAFABQAUAFABQAUAFABQAUAFABQAUAFABQAUAFABQAUAFABQAUAFABQAUAFABQAUAFABQAUAFABQAUAFABQAUAFABQAUAFABQAUAFABQAUAFABQAUAFABQAUAFABQAUAFABQAUAFABQAUAFABQAUAFABQAUAFABQAUAFABQAUAFABQAUAFABQAUAFABQAUAFABQAUAFABQAUAFABQAUAFABQAUAFABQAUAFABQAUAFABQAUAFABQAUAFABQAUAFABQAUAFABQAUAFABQAUAFABQAUAFABQAUAFABQAUAFABQAUAFABQAUAFABQAUAFABQAUAFABQAUAFABQAUAFABQAUAFABQAUAFABQAUAFABQAUAFABQAUAFABQAUAFABQAUAFABQAUAFABQAUAFABQAUAFABQAUAFABQAUAFABQAUAFABQAUAFABQAUAFABQAUAFABQAUAFABQAUAFABQAUAFABQAUAFABQAUAFABQAUAFABQAUAFABQAUAFABQAUAFABQAUAFABQAUAFABQAUAFABQAUAFABQAUAFABQAUAFABQAUAFABQAUAFABQAUAFABQAUAFABQAUAFABQAUAFABQAUAFABQAUAFABQAUAFABQAUAFABQAUAFABQAUAFABQAUAFABQAUAFABQAUAFABQAUAFABQAUAFABQAUAFABQAUAFABQAUAFABQAUAFABQAUAFABQAUAFABQAUAFABQAUAFABQAUAFABQAUAFABQAUAFABQAUAFABQAUAFABQAUAFABQAUAFABQAUAFABQAUAFABQAUAFABQAUAFABQAUAFABQAUAFABQAUAFABQAUAFABQAUAFABQAUAFABQAUAFABQAUAFABQAUAFABQAUAFABQAUAFABQAUAFABQAUAFABQAUAFABQAUAFABQAUAFABQAUAFABQAUAFABQAUAFABQAUAFABQAUAFABQAUAFABQAUAFABQAUAf//Z"`;
